2025-09-22 02:00:09,848 [MainThread] WARNING: It appears that an input method, such as ibus or fcitx5, is not running on your system. Without this, some text may not be output correctly.
2025-09-22 02:00:09,849 [Thread-1-engine] INFO: set_stroke_filename(/home/a/.config/plover/strokes.log)
2025-09-22 02:00:09,850 [Thread-1-engine] INFO: loading system: English Stenotype
2025-09-22 02:00:09,914 [Thread-1-engine] INFO: setting machine: Keyboard
2025-09-22 02:00:10,790 [Thread-1-engine] INFO: recreating /home/a/.config/plover/user.json from asset:plover:assets/user.json
2025-09-22 02:00:10,791 [Thread-1-engine] INFO: recreating /home/a/.config/plover/commands.json from asset:plover:assets/commands.json
2025-09-22 02:00:10,791 [Thread-1-engine] INFO: recreating /home/a/.config/plover/main.json from asset:plover:assets/main.json
2025-09-22 02:00:10,791 [Thread-1-engine] INFO: loading dictionary: /home/a/.config/plover/user.json
2025-09-22 02:00:10,791 [Thread-1-engine] INFO: loading dictionary: /home/a/.config/plover/commands.json
2025-09-22 02:00:10,791 [Thread-1-engine] INFO: loading dictionary: /home/a/.config/plover/main.json
2025-09-22 02:00:10,958 [Thread-1-engine] INFO: loaded 3 dictionaries in 0.167s
2025-09-22 02:05:25,033 [MainThread] WARNING: It appears that an input method, such as ibus or fcitx5, is not running on your system. Without this, some text may not be output correctly.
2025-09-22 02:05:25,034 [Thread-1-engine] INFO: set_stroke_filename(/home/a/.config/plover/strokes.log)
2025-09-22 02:05:25,034 [Thread-1-engine] INFO: loading system: English Stenotype
2025-09-22 02:05:25,090 [Thread-1-engine] INFO: setting machine: Keyboard
2025-09-22 02:05:26,014 [Thread-1-engine] INFO: loading dictionary: /home/a/.config/plover/user.json
2025-09-22 02:05:26,014 [Thread-1-engine] INFO: loading dictionary: /home/a/.config/plover/commands.json
2025-09-22 02:05:26,014 [Thread-1-engine] INFO: loading dictionary: /home/a/.config/plover/main.json
2025-09-22 02:05:26,194 [Thread-1-engine] INFO: loaded 3 dictionaries in 0.181s
2025-09-22 02:07:26,905 [MainThread] WARNING: It appears that an input method, such as ibus or fcitx5, is not running on your system. Without this, some text may not be output correctly.
2025-09-22 02:07:26,906 [Thread-1-engine] INFO: set_stroke_filename(/home/a/.config/plover/strokes.log)
2025-09-22 02:07:26,906 [Thread-1-engine] INFO: loading system: English Stenotype
2025-09-22 02:07:26,966 [Thread-1-engine] INFO: setting machine: Keyboard
2025-09-22 02:07:27,807 [Thread-1-engine] INFO: loading dictionary: /home/a/.config/plover/user.json
2025-09-22 02:07:27,807 [Thread-1-engine] INFO: loading dictionary: /home/a/.config/plover/commands.json
2025-09-22 02:07:27,807 [Thread-1-engine] INFO: loading dictionary: /home/a/.config/plover/main.json
2025-09-22 02:07:27,986 [Thread-1-engine] INFO: loaded 3 dictionaries in 0.179s
2025-09-22 02:10:28,000 [MainThread] WARNING: It appears that an input method, such as ibus or fcitx5, is not running on your system. Without this, some text may not be output correctly.
2025-09-22 02:10:28,001 [Thread-1-engine] INFO: set_stroke_filename(/home/a/.config/plover/strokes.log)
2025-09-22 02:10:28,001 [Thread-1-engine] INFO: loading system: English Stenotype
2025-09-22 02:10:28,059 [Thread-1-engine] INFO: setting machine: Keyboard
2025-09-22 02:10:29,000 [Thread-1-engine] INFO: loading dictionary: /home/a/.config/plover/user.json
2025-09-22 02:10:29,000 [Thread-1-engine] INFO: loading dictionary: /home/a/.config/plover/commands.json
2025-09-22 02:10:29,001 [Thread-1-engine] INFO: loading dictionary: /home/a/.config/plover/main.json
2025-09-22 02:10:29,180 [Thread-1-engine] INFO: loaded 3 dictionaries in 0.180s
2025-09-22 02:13:18,898 [MainThread] WARNING: It appears that an input method, such as ibus or fcitx5, is not running on your system. Without this, some text may not be output correctly.
2025-09-22 02:13:18,899 [Thread-1-engine] INFO: set_stroke_filename(/home/a/.config/plover/strokes.log)
2025-09-22 02:13:18,899 [Thread-1-engine] INFO: loading system: English Stenotype
2025-09-22 02:13:18,957 [Thread-1-engine] INFO: setting machine: Keyboard
2025-09-22 02:13:19,847 [Thread-1-engine] INFO: loading dictionary: /home/a/.config/plover/user.json
2025-09-22 02:13:19,847 [Thread-1-engine] INFO: loading dictionary: /home/a/.config/plover/commands.json
2025-09-22 02:13:19,847 [Thread-1-engine] INFO: loading dictionary: /home/a/.config/plover/main.json
2025-09-22 02:13:20,020 [Thread-1-engine] INFO: loaded 3 dictionaries in 0.173s
2025-09-22 02:15:30,500 [MainThread] WARNING: It appears that an input method, such as ibus or fcitx5, is not running on your system. Without this, some text may not be output correctly.
2025-09-22 02:15:30,501 [Thread-1-engine] INFO: set_stroke_filename(/home/a/.config/plover/strokes.log)
2025-09-22 02:15:30,501 [Thread-1-engine] INFO: loading system: English Stenotype
2025-09-22 02:15:30,561 [Thread-1-engine] INFO: setting machine: Keyboard
2025-09-22 02:15:31,447 [Thread-1-engine] INFO: loading dictionary: /home/a/.config/plover/user.json
2025-09-22 02:15:31,447 [Thread-1-engine] INFO: loading dictionary: /home/a/.config/plover/commands.json
2025-09-22 02:15:31,447 [Thread-1-engine] INFO: loading dictionary: /home/a/.config/plover/main.json
2025-09-22 02:15:31,619 [Thread-1-engine] INFO: loaded 3 dictionaries in 0.172s
2025-09-22 02:16:43,382 [MainThread] WARNING: It appears that an input method, such as ibus or fcitx5, is not running on your system. Without this, some text may not be output correctly.
2025-09-22 02:16:43,384 [Thread-1-engine] INFO: set_stroke_filename(/home/a/.config/plover/strokes.log)
2025-09-22 02:16:43,384 [Thread-1-engine] INFO: loading system: English Stenotype
2025-09-22 02:16:43,444 [Thread-1-engine] INFO: setting machine: Keyboard
2025-09-22 02:16:44,231 [Thread-1-engine] INFO: loading dictionary: /home/a/.config/plover/user.json
2025-09-22 02:16:44,231 [Thread-1-engine] INFO: loading dictionary: /home/a/.config/plover/commands.json
2025-09-22 02:16:44,231 [Thread-1-engine] INFO: loading dictionary: /home/a/.config/plover/main.json
2025-09-22 02:16:44,403 [Thread-1-engine] INFO: loaded 3 dictionaries in 0.173s
